ï¿½[RBï¿½ï¿½Jï¿½ï¿½ï¿½ï¿½ chip revision: v3.0[0m
[0;32mI (ï¿½ets Jul 29 2019 12:21:46

rst:0x1 (POWERON_RESET),boot:0x13 (SPI_FAST_FLASH_BOOT)
configsip: 0, SPIWP:0xee
clk_drv:0x00,q_drv:0x00,d_drv:0x00,cs0_drv:0x00,hd_drv:0x00,wp_drv:0x00
mode:DIO, clock div:2
load:0x3fff0030,len:7176
load:0x40078000,len:15564
ho 0 tail 12 room 4
load:0x40080400,len:4
load:0x40080404,len:3904
entry 0x40080640
[0;32mI (31) boot: ESP-IDF v5.3 2nd stage bootloader[0m
[0;32mI (31) boot: compile time Aug 29 2024 14:15:20[0m
[0;32mI (31) boot: Multicore bootloader[0m
[0;32mI (35) boot: chip revision: v3.0[0m
[0;32mI (39) boot.esp32: SPI Speed      : 40MHz[0m
[0;32mI (44) boot.esp32: SPI Mode       : DIO[0m
[0;32mI (48) boot.esp32: SPI Flash Size : 2MB[0m
[0;32mI (53) boot: Enabling RNG early entropy source...[0m
[0;32mI (58) boot: Partition Table:[0m
[0;32mI (62) boot: ## Label            Usage          Type ST Offset   Length[0m
[0;32mI (69) boot:  0 nvs              WiFi data        01 02 00009000 00006000[0m
[0;32mI (76) boot:  1 phy_init         RF data          01 01 0000f000 00001000[0m
[0;32mI (84) boot:  2 factory          factory app      00 00 00010000 00100000[0m
[0;32mI (91) boot: End of partition table[0m
[0;32mI (96) esp_image: segment 0: paddr=00010020 vaddr=3f400020 size=093ach ( 37804) map[0m
[0;32mI (117) esp_image: segment 1: paddr=000193d4 vaddr=3ffb0000 size=022fch (  8956) load[0m
[0;32mI (121) esp_image: segment 2: paddr=0001b6d8 vaddr=40080000 size=04940h ( 18752) load[0m
[0;32mI (131) esp_image: segment 3: paddr=00020020 vaddr=400d0020 size=136dch ( 79580) map[0m
[0;32mI (159) esp_image: segment 4: paddr=00033704 vaddr=40084940 size=081e8h ( 33256) load[0m
[0;32mI (179) boot: Loaded app from partition at offset 0x10000[0m
[0;32mI (179) boot: Disabling RNG early entropy source...[0m
[0;32mI (190) cpu_start: Multicore app[0m
[0;32mI (199) cpu_start: Pro cpu start user code[0m
[0;32mI (199) cpu_start: cpu freq: 160000000 Hz[0m
[0;32mI (199) app_init: Application information:[0m
[0;32mI (202) app_init: Project name:     queue[0m
[0;32mI (207) app_init: App version:      796ac04-dirty[0m
[0;32mI (212) app_init: Compile time:     Aug 29 2024 14:13:08[0m
[0;32mI (218) app_init: ELF file SHA256:  757fb86e3...[0m
[0;32mI (223) app_init: ESP-IDF:          v5.3[0m
[0;32mI (228) efuse_init: Min chip rev:     v0.0[0m
[0;32mI (233) efuse_init: Max chip rev:     v3.99 [0m
[0;32mI (238) efuse_init: Chip rev:         v3.0[0m
[0;32mI (243) heap_init: Initializing. RAM available for dynamic allocation:[0m
[0;32mI (250) heap_init: At 3FFAE6E0 len 00001920 (6 KiB): DRAM[0m
[0;32mI (256) heap_init: At 3FFB2BD0 len 0002D430 (181 KiB): DRAM[0m
[0;32mI (262) heap_init: At 3FFE0440 len 00003AE0 (14 KiB): D/IRAM[0m
[0;32mI (268) heap_init: At 3FFE4350 len 0001BCB0 (111 KiB): D/IRAM[0m
[0;32mI (275) heap_init: At 4008CB28 len 000134D8 (77 KiB): IRAM[0m
[0;32mI (282) spi_flash: detected chip: generic[0m
[0;32mI (286) spi_flash: flash io: dio[0m
[0;33mW (289) spi_flash: Detected size(4096k) larger than the size in the binary image header(2048k). Using the size in the binary image header.[0m
[0;32mI (303) main_task: Started on CPU0[0m
[0;32mI (313) main_task: Calling app_main()[0m
Sent: 0
Received: 0
[0;32mI (313) main_task: Returned from app_main()[0m
Received: 1
Sent: 1
Received: 2
Sent: 2
Received: 3
Sent: 3
Received: 4
Sent: 4
Executing action: app-flash
Running ninja in directory D:\Nidhi\ESP\3_QueueRTOS\Queue_1\build
Executing "ninja app-flash"...
[1/7] Building C object esp-idf/main/CMakeFiles/__idf_main.dir/queue.c.obj
D:/Nidhi/ESP/3_QueueRTOS/Queue_1/main/queue.c: In function 'app_main':
D:/Nidhi/ESP/3_QueueRTOS/Queue_1/main/queue.c:55:25: warning: initialization of 'BaseType_t' {aka 'int'} from 'void *' makes integer from pointer without a cast [-Wint-conversion]
   55 |     BaseType_t xReturn =NULL;
      |                         ^~~~
D:/Nidhi/ESP/3_QueueRTOS/Queue_1/main/queue.c:64:30: warning: passing argument 1 of 'xTaskCreate' from incompatible pointer type [-Wincompatible-pointer-types]
   64 |         xReturn= xTaskCreate(Sender, "SenderThread", 2048, NULL, 1, &Handler_1);
      |                              ^~~~~~
      |                              |
      |                              void (*)(void)
In file included from C:/Users/DNK133/ESP/v5.3/esp-idf/components/freertos/esp_additions/include/freertos/idf_additions.h:20,
                 from C:/Users/DNK133/ESP/v5.3/esp-idf/components/freertos/FreeRTOS-Kernel/include/freertos/FreeRTOS.h:1533,
                 from D:/Nidhi/ESP/3_QueueRTOS/Queue_1/main/queue.c:4:
C:/Users/DNK133/ESP/v5.3/esp-idf/components/freertos/FreeRTOS-Kernel/include/freertos/task.h:371:44: note: expected 'TaskFunction_t' {aka 'void (*)(void *)'} but argument is of type 'void (*)(void)'
  371 |     BaseType_t xTaskCreate( TaskFunction_t pxTaskCode,
      |                             ~~~~~~~~~~~~~~~^~~~~~~~~~
D:/Nidhi/ESP/3_QueueRTOS/Queue_1/main/queue.c:65:19: warning: comparison between pointer and integer
   65 |         if(xReturn==NULL)
      |                   ^~
D:/Nidhi/ESP/3_QueueRTOS/Queue_1/main/queue.c:70:30: warning: passing argument 1 of 'xTaskCreate' from incompatible pointer type [-Wincompatible-pointer-types]
   70 |         xReturn= xTaskCreate(Receiver, "ReceiverThread", 2048, NULL, 2, &Handler_2);
      |                              ^~~~~~~~
      |                              |
      |                              void (*)(void)
C:/Users/DNK133/ESP/v5.3/esp-idf/components/freertos/FreeRTOS-Kernel/include/freertos/task.h:371:44: note: expected 'TaskFunction_t' {aka 'void (*)(void *)'} but argument is of type 'void (*)(void)'
  371 |     BaseType_t xTaskCreate( TaskFunction_t pxTaskCode,
      |                             ~~~~~~~~~~~~~~~^~~~~~~~~~
D:/Nidhi/ESP/3_QueueRTOS/Queue_1/main/queue.c:71:19: warning: comparison between pointer and integer
   71 |         if(xReturn==NULL)
      |                   ^~
[2/7] Linking C static library esp-idf\main\libmain.a
[3/7] Generating ld/sections.ld
[4/7] Linking CXX executable queue.elf
[5/7] Generating binary image from built executable
esptool.py v4.8.dev5
Creating esp32 image...
Merged 2 ELF sections
Successfully created esp32 image.
Generated D:/Nidhi/ESP/3_QueueRTOS/Queue_1/build/queue.bin
[6/7] cmd.exe /C "cd /D D:\Nidhi\ESP\3_QueueRTOS\Queue_1\build\esp-idf\esptool_py && C:\Users\DNK133\.espressif\python_env\idf5.3_py3.11_env\Scripts\python.exe C:/Users/DNK133/ESP/v5.3/esp-idf/components/partition_table/check_sizes.py --offset 0x8000 partition --type app D:/Nidhi/ESP/3_QueueRTOS/Queue_1/build/partition_table/partition-table.bin D:/Nidhi/ESP/3_QueueRTOS/Queue_1/build/queue.bin"
queue.bin binary size 0x2b910 bytes. Smallest app partition is 0x100000 bytes. 0xd46f0 bytes (83%) free.
[6/7] cmd.exe /C "cd /D C:\Users\DNK133\ESP\v5.3\esp-idf\components\esptool_py && C:\Users\DNK133\.espressif\tools\cmake\3.24.0\bin\cmake.exe -D IDF_PATH=C:/Users/DNK133/ESP/v5.3/esp-idf -D SERIAL_TOOL=C:/Users/DNK133/.espressif/python_env/idf5.3_py3.11_env/Scripts/pesptool.py --chip esp32 -p COM3 -b 460800 --before=default_reset --after=hard_reset write_flash --flash_mode dio --flash_freq 40m --flash_size 2MB 0x10000 queue.bin
esptool.py v4.8.dev5
Serial port COM3
Connecting....
Chip is ESP32-D0WD-V3 (revision v3.0)
Features: WiFi, BT, Dual Core, 240MHz, VRef calibration in efuse, Coding Scheme None
Crystal is 40MHz
MAC: c8:f0:9e:50:58:5c
Uploading stub...
Running stub...
Stub running...
Changing baud rate to 460800
Changed.
Configuring flash size...
Flash will be erased from 0x00010000 to 0x0003bfff...
Compressed 178448 bytes to 95295...
Writing at 0x00010000... (16 %)
Writing at 0x0001c1fa... (33 %)
Writing at 0x00021d5f... (50 %)
Writing at 0x000277a2... (66 %)
Writing at 0x0002ef18... (83 %)
Writing at 0x000364ea... (100 %)
Wrote 178448 bytes (95295 compressed) at 0x00010000 in 2.9 seconds (effective 496.6 kbit/s)...
Hash of data verified.

Leaving...
Hard resetting via RTS pin...
ython.exe;;C:/Users/DNK133/ESP/v5.3/esp-idf/components/esptool_py/esptool/esptool.py;--chip;esp32 -D SERIAL_TOOL_ARGS=--before=default_reset;--after=hard_reset;write_flash;@app-flash_args -D WORKING_DIRECTORY=D:/Nidhi/ESP/3_QueueRTOS/Queue_1/build -P C:/Users/DNK133/ESP/v5.3/esp-idf/components/esptool_py/run_serial_tool.cmake"
Done
ï¿½j%ï¿½(35) boot: chip revision: v3.0[0m
[0;32mI (39) boot.ï¿½ets Jul 29 2019 12:21:46

rst:0x1 (POWERON_RESET),boot:0x13 (SPI_FAST_FLASH_BOOT)
configsip: 0, SPIWP:0xee
clk_drv:0x00,q_drv:0x00,d_drv:0x00,cs0_drv:0x00,hd_drv:0x00,wp_drv:0x00
mode:DIO, clock div:2
load:0x3fff0030,len:7176
load:0x40078000,len:15564
ho 0 tail 12 room 4
load:0x40080400,len:4
load:0x40080404,len:3904
entry 0x40080640
[0;32mI (31) boot: ESP-IDF v5.3 2nd stage bootloader[0m
[0;32mI (31) boot: compile time Aug 29 2024 14:15:20[0m
[0;32mI (31) boot: Multicore bootloader[0m
[0;32mI (35) boot: chip revision: v3.0[0m
[0;32mI (39) boot.esp32: SPI Speed      : 40MHz[0m
[0;32mI (44) boot.esp32: SPI Mode       : DIO[0m
[0;32mI (48) boot.esp32: SPI Flash Size : 2MB[0m
[0;32mI (53) boot: Enabling RNG early entropy source...[0m
[0;32mI (58) boot: Partition Table:[0m
[0;32mI (62) boot: ## Label            Usage          Type ST Offset   Length[0m
[0;32mI (69) boot:  0 nvs              WiFi data        01 02 00009000 00006000[0m
[0;32mI (76) boot:  1 phy_init         RF data          01 01 0000f000 00001000[0m
[0;32mI (84) boot:  2 factory          factory app      00 00 00010000 00100000[0m
[0;32mI (91) boot: End of partition table[0m
[0;32mI (96) esp_image: segment 0: paddr=00010020 vaddr=3f400020 size=093ach ( 37804) map[0m
[0;32mI (117) esp_image: segment 1: paddr=000193d4 vaddr=3ffb0000 size=022fch (  8956) load[0m
[0;32mI (121) esp_image: segment 2: paddr=0001b6d8 vaddr=40080000 size=04940h ( 18752) load[0m
[0;32mI (131) esp_image: segment 3: paddr=00020020 vaddr=400d0020 size=136dch ( 79580) map[0m
[0;32mI (159) esp_image: segment 4: paddr=00033704 vaddr=40084940 size=081e8h ( 33256) load[0m
[0;32mI (179) boot: Loaded app from partition at offset 0x10000[0m
[0;32mI (179) boot: Disabling RNG early entropy source...[0m
[0;32mI (190) cpu_start: Multicore app[0m
[0;32mI (199) cpu_start: Pro cpu start user code[0m
[0;32mI (199) cpu_start: cpu freq: 160000000 Hz[0m
[0;32mI (199) app_init: Application information:[0m
[0;32mI (202) app_init: Project name:     queue[0m
[0;32mI (207) app_init: App version:      796ac04-dirty[0m
[0;32mI (212) app_init: Compile time:     Aug 29 2024 14:13:08[0m
[0;32mI (218) app_init: ELF file SHA256:  1b4961878...[0m
[0;32mI (223) app_init: ESP-IDF:          v5.3[0m
[0;32mI (228) efuse_init: Min chip rev:     v0.0[0m
[0;32mI (233) efuse_init: Max chip rev:     v3.99 [0m
[0;32mI (238) efuse_init: Chip rev:         v3.0[0m
[0;32mI (243) heap_init: Initializing. RAM available for dynamic allocation:[0m
[0;32mI (250) heap_init: At 3FFAE6E0 len 00001920 (6 KiB): DRAM[0m
[0;32mI (256) heap_init: At 3FFB2BD0 len 0002D430 (181 KiB): DRAM[0m
[0;32mI (262) heap_init: At 3FFE0440 len 00003AE0 (14 KiB): D/IRAM[0m
[0;32mI (268) heap_init: At 3FFE4350 len 0001BCB0 (111 KiB): D/IRAM[0m
[0;32mI (275) heap_init: At 4008CB28 len 000134D8 (77 KiB): IRAM[0m
[0;32mI (282) spi_flash: detected chip: generic[0m
[0;32mI (286) spi_flash: flash io: dio[0m
[0;33mW (289) spi_flash: Detected size(4096k) larger than the size in the binary image header(2048k). Using the size in the binary image header.[0m
[0;32mI (303) main_task: Started on CPU0[0m
[0;32mI (313) main_task: Calling app_main()[0m
Sent: 0
Received: 0
[0;32mI (313) main_task: Returned from app_main()[0m
Received: 1
Sent: 1
Received: 2
Sent: 2
Received: 3
Sent: 3
Received: 4
Sent: 4
Received: 5
Sent: 5
Received: 6
Sent: 6
Received: 7
Sent: 7
Received: 8
Sent: 8
Received: 9
Sent: 9
